.\venv\Scripts\python
.exe : C:\Users\Md 
Parwez Alam\Downloads
\MediGenius-master\Me
diGenius-master\venv\
Lib\site-packages\chr
omadb\config.py:20: 
UserWarning: Core 
Pydantic V1 
functionality isn't 
compatible with 
Python 3.14 or 
greater.
At line:1 char:1
+ .\venv\Scripts\pyth
on.exe 
test_chroma.py > 
test_log.txt 2>&1
+ ~~~~~~~~~~~~~~~~~~~
~~~~~~~~~~~~~~~~~~~~~
~~~~~~~~~~~~~~~~~~~~
    + CategoryInfo   
           : NotSpe  
  cified: (C:\User   
 s\Md Par....14 o    
r greater.:Strin    
g) [], RemoteExc    
eption
    + FullyQualified 
   ErrorId : Native  
  CommandError
 
  from pydantic.v1 
import BaseSettings
[WinError 2] The system cannot find the file specified
--------------------
Error creating client: unable to infer type for attribute "chroma_server_host"
